// Jest Snapshot v1, https://goo.gl/fbAQLP

exports[`renders correctly 1`] = `
<div
  className="dashboard-container"
>
  <div
    className="MuiPaper-root-3 MuiPaper-elevation2-7 MuiPaper-rounded-4 SimpleTable-root-1"
  >
    <table
      className="MuiTable-root-30 SimpleTable-table-2"
    >
      <thead
        className="MuiTableHead-root-31"
      >
        <tr
          className="MuiTableRow-root-32 MuiTableRow-head-35"
        >
          <th
            aria-sort={null}
            className="MuiTableCell-root-37 MuiTableCell-head-38"
            scope="col"
          >
            Tasks
          </th>
          <th
            aria-sort={null}
            className="MuiTableCell-root-37 MuiTableCell-head-38 MuiTableCell-alignCenter-46"
            scope="col"
          >
            test
          </th>
        </tr>
      </thead>
      <tbody
        className="MuiTableBody-root-49"
      >
        <tr
          className="MuiTableRow-root-32"
        >
          <th
            aria-sort={null}
            className="MuiTableCell-root-37 MuiTableCell-body-39"
            scope="row"
          >
            Test
          </th>
          <td
            aria-sort={null}
            className="MuiTableCell-root-37 MuiTableCell-body-39 MuiTableCell-alignCenter-46 cell-bg-green"
          >
            Done
          </td>
        </tr>
      </tbody>
    </table>
  </div>
</div>
`;
